******************************************************************************
             TMS320C2000 Linker PC v20.2.1                     
******************************************************************************
>> Linked Mon Oct 19 13:51:11 2020

OUTPUT FILE NAME:   <stepper_Research.out>
ENTRY POINT SYMBOL: "_c_int00"  address: 00009d2d


MEMORY CONFIGURATION

         name            origin    length      used     unused   attr    fill
----------------------  --------  ---------  --------  --------  ----  --------
PAGE 0:
  BEGIN                 00000000   00000002  00000002  00000000  RWIX
  RAMM0                 00000050   000003b0  00000000  000003b0  RWIX
  RAML0                 00008000   00001000  000005f1  00000a0f  RWIX
  RAML1                 00009000   00001000  00000e6f  00000191  RWIX
  RAML2                 0000a000   00001000  00000000  00001000  RWIX
  RAML3                 0000b000   00001000  00000000  00001000  RWIX
  ZONE7A                00200000   0000fc00  00000000  0000fc00  RWIX
  CSM_RSVD              0033ff80   00000076  00000000  00000076  RWIX
  CSM_PWL               0033fff8   00000008  00000000  00000008  RWIX
  ADC_CAL               00380080   00000009  00000007  00000002  RWIX
  IQTABLES              003fe000   00000b50  00000000  00000b50  RWIX
  IQTABLES2             003feb50   0000008c  00000000  0000008c  RWIX
  FPUTABLES             003febdc   000006a0  00000000  000006a0  RWIX
  BOOTROM               003ff27c   00000d44  00000000  00000d44  RWIX
  RESET                 003fffc0   00000002  00000000  00000002  RWIX

PAGE 1:
  BOOT_RSVD             00000002   0000004e  00000000  0000004e  RWIX
  RAMM1                 00000400   00000400  00000300  00000100  RWIX
  DEV_EMU               00000880   00000180  000000d0  000000b0  RWIX
  FLASH_REGS            00000a80   00000060  00000008  00000058  RWIX
  CSM                   00000ae0   00000010  00000010  00000000  RWIX
  ADC_MIRROR            00000b00   00000010  00000010  00000000  RWIX
  XINTF                 00000b20   00000020  0000001e  00000002  RWIX
  CPU_TIMER0            00000c00   00000008  00000008  00000000  RWIX
  CPU_TIMER1            00000c08   00000008  00000008  00000000  RWIX
  CPU_TIMER2            00000c10   00000008  00000008  00000000  RWIX
  PIE_CTRL              00000ce0   00000020  0000001a  00000006  RWIX
  PIE_VECT              00000d00   00000100  00000100  00000000  RWIX
  DMA                   00001000   00000200  000000e0  00000120  RWIX
  MCBSPA                00005000   00000040  00000025  0000001b  RWIX
  MCBSPB                00005040   00000040  00000025  0000001b  RWIX
  ECANA                 00006000   00000040  00000034  0000000c  RWIX
  ECANA_LAM             00006040   00000040  00000040  00000000  RWIX
  ECANA_MOTS            00006080   00000040  00000040  00000000  RWIX
  ECANA_MOTO            000060c0   00000040  00000040  00000000  RWIX
  ECANA_MBOX            00006100   00000100  00000100  00000000  RWIX
  ECANB                 00006200   00000040  00000034  0000000c  RWIX
  ECANB_LAM             00006240   00000040  00000040  00000000  RWIX
  ECANB_MOTS            00006280   00000040  00000040  00000000  RWIX
  ECANB_MOTO            000062c0   00000040  00000040  00000000  RWIX
  ECANB_MBOX            00006300   00000100  00000100  00000000  RWIX
  EPWM1                 00006800   00000022  00000022  00000000  RWIX
  EPWM2                 00006840   00000022  00000022  00000000  RWIX
  EPWM3                 00006880   00000022  00000022  00000000  RWIX
  EPWM4                 000068c0   00000022  00000022  00000000  RWIX
  EPWM5                 00006900   00000022  00000022  00000000  RWIX
  EPWM6                 00006940   00000022  00000022  00000000  RWIX
  ECAP1                 00006a00   00000020  00000020  00000000  RWIX
  ECAP2                 00006a20   00000020  00000020  00000000  RWIX
  ECAP3                 00006a40   00000020  00000020  00000000  RWIX
  ECAP4                 00006a60   00000020  00000020  00000000  RWIX
  ECAP5                 00006a80   00000020  00000020  00000000  RWIX
  ECAP6                 00006aa0   00000020  00000020  00000000  RWIX
  EQEP1                 00006b00   00000040  00000040  00000000  RWIX
  EQEP2                 00006b40   00000040  00000040  00000000  RWIX
  GPIOCTRL              00006f80   00000040  0000002e  00000012  RWIX
  GPIODAT               00006fc0   00000020  00000020  00000000  RWIX
  GPIOINT               00006fe0   00000020  0000000a  00000016  RWIX
  SYSTEM                00007010   00000020  00000020  00000000  RWIX
  SPIA                  00007040   00000010  00000010  00000000  RWIX
  SCIA                  00007050   00000010  00000010  00000000  RWIX
  XINTRUPT              00007070   00000010  00000010  00000000  RWIX
  ADC                   00007100   00000020  0000001e  00000002  RWIX
  SCIB                  00007750   00000010  00000010  00000000  RWIX
  SCIC                  00007770   00000010  00000010  00000000  RWIX
  I2CA                  00007900   00000040  00000022  0000001e  RWIX
  RAML4                 0000c000   00001000  00000e86  0000017a  RWIX
  RAML5                 0000d000   00001000  000004ec  00000b14  RWIX
  RAML6                 0000e000   00001000  00000000  00001000  RWIX
  RAML7                 0000f000   00001000  00000000  00001000  RWIX
  ZONE7B                0020fc00   00000400  00000000  00000400  RWIX
  CSM_PWL               0033fff8   00000008  00000008  00000000  RWIX
  PARTID                00380090   00000001  00000001  00000000  RWIX


SECTION ALLOCATION MAP

 output                                  attributes/
section   page    origin      length       input sections
--------  ----  ----------  ----------   ----------------
codestart 
*          0    00000000    00000002     
                  00000000    00000002     DSP2833x_CodeStartBranch.obj (codestart)

ramfuncs   0    000085ed    00000004     
                  000085ed    00000004     DSP2833x_usDelay.obj (ramfuncs)

.cinit     0    00008000    000005ed     
                  00008000    00000503     main_1Timer.obj (.cinit:_normal_pcos_x32)
                  00008503    000000c4     main_1Timer.obj (.cinit)
                  000085c7    0000000e     rts2800_fpu32.lib : exit.c.obj (.cinit)
                  000085d5    00000007     main_1Timer.obj (.cinit:_manualPWM)
                  000085dc    00000005     PIDreg.obj (.cinit)
                  000085e1    00000005     rts2800_fpu32.lib : _lock.c.obj (.cinit:__lock)
                  000085e6    00000005                       : _lock.c.obj (.cinit:__unlock)
                  000085eb    00000002     --HOLE-- [fill = 0]

.pinit     0    00008000    00000000     UNINITIALIZED

.stack     1    00000400    00000300     UNINITIALIZED
                  00000400    00000300     --HOLE--

DevEmuRegsFile 
*          1    00000880    000000d0     UNINITIALIZED
                  00000880    000000d0     DSP2833x_GlobalVariableDefs.obj (DevEmuRegsFile)

FlashRegsFile 
*          1    00000a80    00000008     UNINITIALIZED
                  00000a80    00000008     DSP2833x_GlobalVariableDefs.obj (FlashRegsFile)

CsmRegsFile 
*          1    00000ae0    00000010     UNINITIALIZED
                  00000ae0    00000010     DSP2833x_GlobalVariableDefs.obj (CsmRegsFile)

AdcMirrorFile 
*          1    00000b00    00000010     UNINITIALIZED
                  00000b00    00000010     DSP2833x_GlobalVariableDefs.obj (AdcMirrorFile)

XintfRegsFile 
*          1    00000b20    0000001e     UNINITIALIZED
                  00000b20    0000001e     DSP2833x_GlobalVariableDefs.obj (XintfRegsFile)

CpuTimer0RegsFile 
*          1    00000c00    00000008     UNINITIALIZED
                  00000c00    00000008     DSP2833x_GlobalVariableDefs.obj (CpuTimer0RegsFile)

CpuTimer1RegsFile 
*          1    00000c08    00000008     UNINITIALIZED
                  00000c08    00000008     DSP2833x_GlobalVariableDefs.obj (CpuTimer1RegsFile)

CpuTimer2RegsFile 
*          1    00000c10    00000008     UNINITIALIZED
                  00000c10    00000008     DSP2833x_GlobalVariableDefs.obj (CpuTimer2RegsFile)

PieCtrlRegsFile 
*          1    00000ce0    0000001a     UNINITIALIZED
                  00000ce0    0000001a     DSP2833x_GlobalVariableDefs.obj (PieCtrlRegsFile)

ECanaMOTSRegsFile 
*          1    00006080    00000040     UNINITIALIZED
                  00006080    00000040     DSP2833x_GlobalVariableDefs.obj (ECanaMOTSRegsFile)

ECanaMOTORegsFile 
*          1    000060c0    00000040     UNINITIALIZED
                  000060c0    00000040     DSP2833x_GlobalVariableDefs.obj (ECanaMOTORegsFile)

ECanbMOTSRegsFile 
*          1    00006280    00000040     UNINITIALIZED
                  00006280    00000040     DSP2833x_GlobalVariableDefs.obj (ECanbMOTSRegsFile)

ECanbMOTORegsFile 
*          1    000062c0    00000040     UNINITIALIZED
                  000062c0    00000040     DSP2833x_GlobalVariableDefs.obj (ECanbMOTORegsFile)

.econst    1    0000d000    00000104     
                  0000d000    00000100     DSP2833x_PieVect.obj (.econst:_PieVectTableInit)
                  0000d100    00000002     rts2800_fpu32.lib : s_ceilf.c.obj (.econst)
                  0000d102    00000002                       : s_floorf.c.obj (.econst)

.reset     0    003fffc0    00000002     DSECT
                  003fffc0    00000002     rts2800_fpu32.lib : boot28.asm.obj (.reset)

csm_rsvd   0    0033ff80    00000000     DSECT

csmpasswds 
*          0    0033fff8    00000000     DSECT

.adc_cal   0    00380080    00000007     NOLOAD SECTION
                  00380080    00000007     DSP2833x_ADC_cal.obj (.adc_cal)

PieVectTableFile 
*          1    00000d00    00000100     UNINITIALIZED
                  00000d00    00000100     DSP2833x_GlobalVariableDefs.obj (PieVectTableFile)

DmaRegsFile 
*          1    00001000    000000e0     UNINITIALIZED
                  00001000    000000e0     DSP2833x_GlobalVariableDefs.obj (DmaRegsFile)

McbspaRegsFile 
*          1    00005000    00000025     UNINITIALIZED
                  00005000    00000025     DSP2833x_GlobalVariableDefs.obj (McbspaRegsFile)

McbspbRegsFile 
*          1    00005040    00000025     UNINITIALIZED
                  00005040    00000025     DSP2833x_GlobalVariableDefs.obj (McbspbRegsFile)

ECanaRegsFile 
*          1    00006000    00000034     UNINITIALIZED
                  00006000    00000034     DSP2833x_GlobalVariableDefs.obj (ECanaRegsFile)

ECanaLAMRegsFile 
*          1    00006040    00000040     UNINITIALIZED
                  00006040    00000040     DSP2833x_GlobalVariableDefs.obj (ECanaLAMRegsFile)

ECanaMboxesFile 
*          1    00006100    00000100     UNINITIALIZED
                  00006100    00000100     DSP2833x_GlobalVariableDefs.obj (ECanaMboxesFile)

ECanbRegsFile 
*          1    00006200    00000034     UNINITIALIZED
                  00006200    00000034     DSP2833x_GlobalVariableDefs.obj (ECanbRegsFile)

ECanbLAMRegsFile 
*          1    00006240    00000040     UNINITIALIZED
                  00006240    00000040     DSP2833x_GlobalVariableDefs.obj (ECanbLAMRegsFile)

ECanbMboxesFile 
*          1    00006300    00000100     UNINITIALIZED
                  00006300    00000100     DSP2833x_GlobalVariableDefs.obj (ECanbMboxesFile)

EPwm1RegsFile 
*          1    00006800    00000022     UNINITIALIZED
                  00006800    00000022     DSP2833x_GlobalVariableDefs.obj (EPwm1RegsFile)

EPwm2RegsFile 
*          1    00006840    00000022     UNINITIALIZED
                  00006840    00000022     DSP2833x_GlobalVariableDefs.obj (EPwm2RegsFile)

EPwm3RegsFile 
*          1    00006880    00000022     UNINITIALIZED
                  00006880    00000022     DSP2833x_GlobalVariableDefs.obj (EPwm3RegsFile)

EPwm4RegsFile 
*          1    000068c0    00000022     UNINITIALIZED
                  000068c0    00000022     DSP2833x_GlobalVariableDefs.obj (EPwm4RegsFile)

EPwm5RegsFile 
*          1    00006900    00000022     UNINITIALIZED
                  00006900    00000022     DSP2833x_GlobalVariableDefs.obj (EPwm5RegsFile)

EPwm6RegsFile 
*          1    00006940    00000022     UNINITIALIZED
                  00006940    00000022     DSP2833x_GlobalVariableDefs.obj (EPwm6RegsFile)

ECap1RegsFile 
*          1    00006a00    00000020     UNINITIALIZED
                  00006a00    00000020     DSP2833x_GlobalVariableDefs.obj (ECap1RegsFile)

ECap2RegsFile 
*          1    00006a20    00000020     UNINITIALIZED
                  00006a20    00000020     DSP2833x_GlobalVariableDefs.obj (ECap2RegsFile)

ECap3RegsFile 
*          1    00006a40    00000020     UNINITIALIZED
                  00006a40    00000020     DSP2833x_GlobalVariableDefs.obj (ECap3RegsFile)

ECap4RegsFile 
*          1    00006a60    00000020     UNINITIALIZED
                  00006a60    00000020     DSP2833x_GlobalVariableDefs.obj (ECap4RegsFile)

ECap5RegsFile 
*          1    00006a80    00000020     UNINITIALIZED
                  00006a80    00000020     DSP2833x_GlobalVariableDefs.obj (ECap5RegsFile)

ECap6RegsFile 
*          1    00006aa0    00000020     UNINITIALIZED
                  00006aa0    00000020     DSP2833x_GlobalVariableDefs.obj (ECap6RegsFile)

EQep1RegsFile 
*          1    00006b00    00000040     UNINITIALIZED
                  00006b00    00000040     DSP2833x_GlobalVariableDefs.obj (EQep1RegsFile)

EQep2RegsFile 
*          1    00006b40    00000040     UNINITIALIZED
                  00006b40    00000040     DSP2833x_GlobalVariableDefs.obj (EQep2RegsFile)

GpioCtrlRegsFile 
*          1    00006f80    0000002e     UNINITIALIZED
                  00006f80    0000002e     DSP2833x_GlobalVariableDefs.obj (GpioCtrlRegsFile)

GpioDataRegsFile 
*          1    00006fc0    00000020     UNINITIALIZED
                  00006fc0    00000020     DSP2833x_GlobalVariableDefs.obj (GpioDataRegsFile)

GpioIntRegsFile 
*          1    00006fe0    0000000a     UNINITIALIZED
                  00006fe0    0000000a     DSP2833x_GlobalVariableDefs.obj (GpioIntRegsFile)

SysCtrlRegsFile 
*          1    00007010    00000020     UNINITIALIZED
                  00007010    00000020     DSP2833x_GlobalVariableDefs.obj (SysCtrlRegsFile)

SpiaRegsFile 
*          1    00007040    00000010     UNINITIALIZED
                  00007040    00000010     DSP2833x_GlobalVariableDefs.obj (SpiaRegsFile)

SciaRegsFile 
*          1    00007050    00000010     UNINITIALIZED
                  00007050    00000010     DSP2833x_GlobalVariableDefs.obj (SciaRegsFile)

XIntruptRegsFile 
*          1    00007070    00000010     UNINITIALIZED
                  00007070    00000010     DSP2833x_GlobalVariableDefs.obj (XIntruptRegsFile)

AdcRegsFile 
*          1    00007100    0000001e     UNINITIALIZED
                  00007100    0000001e     DSP2833x_GlobalVariableDefs.obj (AdcRegsFile)

ScibRegsFile 
*          1    00007750    00000010     UNINITIALIZED
                  00007750    00000010     DSP2833x_GlobalVariableDefs.obj (ScibRegsFile)

ScicRegsFile 
*          1    00007770    00000010     UNINITIALIZED
                  00007770    00000010     DSP2833x_GlobalVariableDefs.obj (ScicRegsFile)

I2caRegsFile 
*          1    00007900    00000022     UNINITIALIZED
                  00007900    00000022     DSP2833x_GlobalVariableDefs.obj (I2caRegsFile)

CsmPwlFile 
*          1    0033fff8    00000008     UNINITIALIZED
                  0033fff8    00000008     DSP2833x_GlobalVariableDefs.obj (CsmPwlFile)

PartIdRegsFile 
*          1    00380090    00000001     UNINITIALIZED
                  00380090    00000001     DSP2833x_GlobalVariableDefs.obj (PartIdRegsFile)

.text      0    00009000    00000e6f     
                  00009000    000003fb     main_1Timer.obj (.text)
                  000093fb    00000316     DSP2833x_DefaultIsr.obj (.text:retain)
                  00009711    000002ef     main_1Timer.obj (.text:retain)
                  00009a00    000000fc     PIDreg.obj (.text)
                  00009afc    000000f8     DSP2833x_SysCtrl.obj (.text)
                  00009bf4    00000088     rts2800_fpu32.lib : fs_div28.asm.obj (.text)
                  00009c7c    00000059                       : s_floorf.c.obj (.text)
                  00009cd5    00000058                       : s_ceilf.c.obj (.text)
                  00009d2d    00000056                       : boot28.asm.obj (.text)
                  00009d83    00000029                       : exit.c.obj (.text)
                  00009dac    00000028     DSP2833x_PieCtrl.obj (.text)
                  00009dd4    00000024     rts2800_fpu32.lib : cpy_tbl.c.obj (.text)
                  00009df8    00000020     DSP2833x_PieVect.obj (.text)
                  00009e18    0000001d     rts2800_fpu32.lib : memcpy.c.obj (.text)
                  00009e35    00000014     DSP2833x_Adc.obj (.text)
                  00009e49    00000012     rts2800_fpu32.lib : args_main.c.obj (.text)
                  00009e5b    00000009                       : _lock.c.obj (.text)
                  00009e64    00000008     DSP2833x_CodeStartBranch.obj (.text)
                  00009e6c    00000002     rts2800_fpu32.lib : pre_init.c.obj (.text)
                  00009e6e    00000001                       : startup.c.obj (.text)

.ebss.1    1    0000c000    00000e86     UNINITIALIZED
                  0000c000    00000500     main_1Timer.obj (.ebss:_currTable)
                  0000c500    00000500     main_1Timer.obj (.ebss:_normal_pcos_x32)
                  0000ca00    000003e8     main_1Timer.obj (.ebss:_biasSamplesA)
                  0000cde8    0000000d     main_1Timer.obj (.ebss:_dataBits)
                  0000cdf5    00000001     --HOLE--
                  0000cdf6    00000006     rts2800_fpu32.lib : exit.c.obj (.ebss)
                  0000cdfc    00000004     main_1Timer.obj (.ebss:_manualPWM)
                  0000ce00    00000080     main_1Timer.obj (.ebss)
                  0000ce80    00000002     PIDreg.obj (.ebss)
                  0000ce82    00000002     rts2800_fpu32.lib : _lock.c.obj (.ebss:__lock)
                  0000ce84    00000002                       : _lock.c.obj (.ebss:__unlock)

.ebss.2    1    0000d140    000003e8     UNINITIALIZED
                  0000d140    000003e8     main_1Timer.obj (.ebss:_biasSamplesB)

MODULE SUMMARY

       Module                            code   initialized data   uninitialized data
       ------                            ----   ----------------   ------------------
    .\
       main_1Timer.obj                   1770   1486               4705              
       DSP2833x_GlobalVariableDefs.obj   0      0                  2679              
       DSP2833x_DefaultIsr.obj           790    0                  0                 
       DSP2833x_PieVect.obj              32     256                0                 
       PIDreg.obj                        252    5                  2                 
       DSP2833x_SysCtrl.obj              248    0                  0                 
       DSP2833x_PieCtrl.obj              40     0                  0                 
       DSP2833x_Adc.obj                  20     0                  0                 
       DSP2833x_CodeStartBranch.obj      10     0                  0                 
       DSP2833x_ADC_cal.obj              7      0                  0                 
       DSP2833x_usDelay.obj              4      0                  0                 
    +--+---------------------------------+------+------------------+--------------------+
       Total:                            3173   1747               7386              
                                                                                     
    C:\ti\ccs1010\ccs\tools\compiler\ti-cgt-c2000_20.2.1.LTS\lib\rts2800_fpu32.lib
       fs_div28.asm.obj                  136    0                  0                 
       s_floorf.c.obj                    89     2                  0                 
       s_ceilf.c.obj                     88     2                  0                 
       boot28.asm.obj                    86     0                  0                 
       exit.c.obj                        41     14                 6                 
       cpy_tbl.c.obj                     36     0                  0                 
       memcpy.c.obj                      29     0                  0                 
       _lock.c.obj                       9      10                 4                 
       args_main.c.obj                   18     0                  0                 
       pre_init.c.obj                    2      0                  0                 
       startup.c.obj                     1      0                  0                 
    +--+---------------------------------+------+------------------+--------------------+
       Total:                            535    28                 10                
                                                                                     
       Stack:                            0      0                  768               
    +--+---------------------------------+------+------------------+--------------------+
       Grand Total:                      3708   1775               8164              


GLOBAL DATA SYMBOLS: SORTED BY DATA PAGE

address     data page           name
--------    ----------------    ----
00000400      10 (00000400)     __stack

00000880      22 (00000880)     _DevEmuRegs

00000a80      2a (00000a80)     _FlashRegs

00000ae0      2b (00000ac0)     _CsmRegs

00000b00      2c (00000b00)     _AdcMirror
00000b20      2c (00000b00)     _XintfRegs

00000c00      30 (00000c00)     _CpuTimer0Regs
00000c08      30 (00000c00)     _CpuTimer1Regs
00000c10      30 (00000c00)     _CpuTimer2Regs

00000ce0      33 (00000cc0)     _PieCtrlRegs

00000d00      34 (00000d00)     _PieVectTable

00001000      40 (00001000)     _DmaRegs

00005000     140 (00005000)     _McbspaRegs

00005040     141 (00005040)     _McbspbRegs

00006000     180 (00006000)     _ECanaRegs

00006040     181 (00006040)     _ECanaLAMRegs

00006080     182 (00006080)     _ECanaMOTSRegs

000060c0     183 (000060c0)     _ECanaMOTORegs

00006100     184 (00006100)     _ECanaMboxes

00006200     188 (00006200)     _ECanbRegs

00006240     189 (00006240)     _ECanbLAMRegs

00006280     18a (00006280)     _ECanbMOTSRegs

000062c0     18b (000062c0)     _ECanbMOTORegs

00006300     18c (00006300)     _ECanbMboxes

00006800     1a0 (00006800)     _EPwm1Regs

00006840     1a1 (00006840)     _EPwm2Regs

00006880     1a2 (00006880)     _EPwm3Regs

000068c0     1a3 (000068c0)     _EPwm4Regs

00006900     1a4 (00006900)     _EPwm5Regs

00006940     1a5 (00006940)     _EPwm6Regs

00006a00     1a8 (00006a00)     _ECap1Regs
00006a20     1a8 (00006a00)     _ECap2Regs

00006a40     1a9 (00006a40)     _ECap3Regs
00006a60     1a9 (00006a40)     _ECap4Regs

00006a80     1aa (00006a80)     _ECap5Regs
00006aa0     1aa (00006a80)     _ECap6Regs

00006b00     1ac (00006b00)     _EQep1Regs

00006b40     1ad (00006b40)     _EQep2Regs

00006f80     1be (00006f80)     _GpioCtrlRegs

00006fc0     1bf (00006fc0)     _GpioDataRegs
00006fe0     1bf (00006fc0)     _GpioIntRegs

00007010     1c0 (00007000)     _SysCtrlRegs

00007040     1c1 (00007040)     _SpiaRegs
00007050     1c1 (00007040)     _SciaRegs
00007070     1c1 (00007040)     _XIntruptRegs

00007100     1c4 (00007100)     _AdcRegs

00007750     1dd (00007740)     _ScibRegs
00007770     1dd (00007740)     _ScicRegs

00007900     1e4 (00007900)     _I2caRegs

0000ca00     328 (0000ca00)     _biasSamplesA

0000cde8     337 (0000cdc0)     _dataBits
0000cdf6     337 (0000cdc0)     ___TI_enable_exit_profile_output
0000cdf8     337 (0000cdc0)     ___TI_cleanup_ptr
0000cdfa     337 (0000cdc0)     ___TI_dtors_ptr
0000cdfc     337 (0000cdc0)     _manualPWM

0000ce00     338 (0000ce00)     _adjustPIa
0000ce01     338 (0000ce00)     _adjustPIb
0000ce02     338 (0000ce00)     _adjustPIall
0000ce03     338 (0000ce00)     _i
0000ce04     338 (0000ce00)     _direction
0000ce05     338 (0000ce00)     _runFlag
0000ce06     338 (0000ce00)     _runMem
0000ce07     338 (0000ce00)     _TadjFlag
0000ce08     338 (0000ce00)     _Tmul
0000ce09     338 (0000ce00)     _TincrementStep
0000ce0a     338 (0000ce00)     _timerDivision
0000ce0b     338 (0000ce00)     _currPos
0000ce0c     338 (0000ce00)     _PWMthreshold
0000ce0d     338 (0000ce00)     _flag_manualPWMmode
0000ce0e     338 (0000ce00)     _arrayLength
0000ce0f     338 (0000ce00)     _ADCthreshold
0000ce10     338 (0000ce00)     _biasMeasurement
0000ce11     338 (0000ce00)     _biasSampleNum
0000ce12     338 (0000ce00)     _biasSample
0000ce13     338 (0000ce00)     _adcBufferSize
0000ce14     338 (0000ce00)     _adcBufferIterator
0000ce15     338 (0000ce00)     _currentBit
0000ce16     338 (0000ce00)     _upDownSSIBit
0000ce17     338 (0000ce00)     _Tclk
0000ce18     338 (0000ce00)     _delayCycles
0000ce19     338 (0000ce00)     _bitVal
0000ce1a     338 (0000ce00)     _iDestTest
0000ce1c     338 (0000ce00)     _newP
0000ce1e     338 (0000ce00)     _newI
0000ce20     338 (0000ce00)     _newS
0000ce22     338 (0000ce00)     _T
0000ce24     338 (0000ce00)     _Tdest
0000ce26     338 (0000ce00)     _RPMdest
0000ce28     338 (0000ce00)     _RPMtoT
0000ce2a     338 (0000ce00)     _TtoRPM
0000ce2c     338 (0000ce00)     _TinTimer
0000ce2e     338 (0000ce00)     _TinTimerDest
0000ce30     338 (0000ce00)     _TincrementStepConst
0000ce32     338 (0000ce00)     _TimerThreshold
0000ce34     338 (0000ce00)     _TimerThresholdConstant
0000ce36     338 (0000ce00)     _iDest
0000ce38     338 (0000ce00)     _iA
0000ce3a     338 (0000ce00)     _iB
0000ce3c     338 (0000ce00)     _adcA
0000ce3e     338 (0000ce00)     _adcB

0000ce40     339 (0000ce40)     _eA
0000ce42     339 (0000ce40)     _eB
0000ce44     339 (0000ce40)     _ADCconst
0000ce46     339 (0000ce40)     _adcBiasA
0000ce48     339 (0000ce40)     _adcBiasB
0000ce4a     339 (0000ce40)     _biasSampleNumConst
0000ce4c     339 (0000ce40)     _aA
0000ce4e     339 (0000ce40)     _aB
0000ce50     339 (0000ce40)     _positionConstant
0000ce52     339 (0000ce40)     _currAngle
0000ce54     339 (0000ce40)     _regA
0000ce6a     339 (0000ce40)     _regB

0000ce82     33a (0000ce80)     __lock
0000ce84     33a (0000ce80)     __unlock

0000d000     340 (0000d000)     _PieVectTableInit

0000d140     345 (0000d140)     _biasSamplesB

0033fff8    cfff (0033ffc0)     _CsmPwl

00380090    e002 (00380080)     _PartIdRegs


GLOBAL SYMBOLS: SORTED ALPHABETICALLY BY Name 

page  address   name                            
----  -------   ----                            
abs   ffffffff  .text                           
0     00009d83  C$$EXIT                         
0     00009bf4  FS$$DIV                         
0     000094e1  _ADCINT_ISR                     
0     00380080  _ADC_cal                        
1     0000ce44  _ADCconst                       
1     0000ce0f  _ADCthreshold                   
1     00000b00  _AdcMirror                      
1     00007100  _AdcRegs                        
1     00000c00  _CpuTimer0Regs                  
1     00000c08  _CpuTimer1Regs                  
1     00000c10  _CpuTimer2Regs                  
1     0033fff8  _CsmPwl                         
1     00000ae0  _CsmRegs                        
0     00009bc3  _CsmUnlock                      
0     0000940f  _DATALOG_ISR                    
0     00009603  _DINTCH1_ISR                    
0     0000960d  _DINTCH2_ISR                    
0     00009617  _DINTCH3_ISR                    
0     00009621  _DINTCH4_ISR                    
0     0000962b  _DINTCH5_ISR                    
0     00009635  _DINTCH6_ISR                    
0     000085ed  _DSP28x_usDelay                 
1     00000880  _DevEmuRegs                     
0     00009b0f  _DisableDog                     
1     00001000  _DmaRegs                        
0     0000968f  _ECAN0INTA_ISR                  
0     000096a3  _ECAN0INTB_ISR                  
0     00009699  _ECAN1INTA_ISR                  
0     000096ad  _ECAN1INTB_ISR                  
0     00009577  _ECAP1_INT_ISR                  
0     00009581  _ECAP2_INT_ISR                  
0     0000958b  _ECAP3_INT_ISR                  
0     00009595  _ECAP4_INT_ISR                  
0     0000959f  _ECAP5_INT_ISR                  
0     000095a9  _ECAP6_INT_ISR                  
1     00006040  _ECanaLAMRegs                   
1     000060c0  _ECanaMOTORegs                  
1     00006080  _ECanaMOTSRegs                  
1     00006100  _ECanaMboxes                    
1     00006000  _ECanaRegs                      
1     00006240  _ECanbLAMRegs                   
1     000062c0  _ECanbMOTORegs                  
1     00006280  _ECanbMOTSRegs                  
1     00006300  _ECanbMboxes                    
1     00006200  _ECanbRegs                      
1     00006a00  _ECap1Regs                      
1     00006a20  _ECap2Regs                      
1     00006a40  _ECap3Regs                      
1     00006a60  _ECap4Regs                      
1     00006a80  _ECap5Regs                      
1     00006aa0  _ECap6Regs                      
0     00009423  _EMUINT_ISR                     
0     0000953b  _EPWM1_INT_ISR                  
0     000094ff  _EPWM1_TZINT_ISR                
0     00009545  _EPWM2_INT_ISR                  
0     00009509  _EPWM2_TZINT_ISR                
0     0000954f  _EPWM3_INT_ISR                  
0     00009513  _EPWM3_TZINT_ISR                
0     00009559  _EPWM4_INT_ISR                  
0     0000951d  _EPWM4_TZINT_ISR                
0     00009563  _EPWM5_INT_ISR                  
0     00009527  _EPWM5_TZINT_ISR                
0     0000956d  _EPWM6_INT_ISR                  
0     00009531  _EPWM6_TZINT_ISR                
1     00006800  _EPwm1Regs                      
1     00006840  _EPwm2Regs                      
1     00006880  _EPwm3Regs                      
1     000068c0  _EPwm4Regs                      
1     00006900  _EPwm5Regs                      
1     00006940  _EPwm6Regs                      
0     000095b3  _EQEP1_INT_ISR                  
0     000095bd  _EQEP2_INT_ISR                  
1     00006b00  _EQep1Regs                      
1     00006b40  _EQep2Regs                      
0     00009dcb  _EnableInterrupts               
1     00000a80  _FlashRegs                      
1     00006f80  _GpioCtrlRegs                   
1     00006fc0  _GpioDataRegs                   
1     00006fe0  _GpioIntRegs                    
0     0000963f  _I2CINT1A_ISR                   
0     00009649  _I2CINT2A_ISR                   
1     00007900  _I2caRegs                       
0     00009437  _ILLEGAL_ISR                    
0     000093fb  _INT13_ISR                      
0     00009405  _INT14_ISR                      
0     00009e35  _InitAdc                        
0     00009b68  _InitPeripheralClocks           
0     00009dac  _InitPieCtrl                    
0     00009df8  _InitPieVectTable               
0     00009b17  _InitPll                        
0     00009afc  _InitSysCtrl                    
0     000096f3  _LUF_ISR                        
0     000096e9  _LVF_ISR                        
0     000095ef  _MRINTA_ISR                     
0     000095db  _MRINTB_ISR                     
0     000095f9  _MXINTA_ISR                     
0     000095e5  _MXINTB_ISR                     
1     00005000  _McbspaRegs                     
1     00005040  _McbspbRegs                     
0     0000942d  _NMI_ISR                        
0     000096fd  _PIE_RESERVED                   
1     0000ce0c  _PWMthreshold                   
1     00380090  _PartIdRegs                     
1     00000ce0  _PieCtrlRegs                    
1     00000d00  _PieVectTable                   
1     0000d000  _PieVectTableInit               
1     0000ce26  _RPMdest                        
1     0000ce28  _RPMtoT                         
0     00009419  _RTOSINT_ISR                    
0     00009667  _SCIRXINTA_ISR                  
0     0000967b  _SCIRXINTB_ISR                  
0     00009653  _SCIRXINTC_ISR                  
0     00009671  _SCITXINTA_ISR                  
0     00009685  _SCITXINTB_ISR                  
0     0000965d  _SCITXINTC_ISR                  
0     000094b9  _SEQ1INT_ISR                    
0     000094c3  _SEQ2INT_ISR                    
0     000095c7  _SPIRXINTA_ISR                  
0     000095d1  _SPITXINTA_ISR                  
1     00007050  _SciaRegs                       
1     00007750  _ScibRegs                       
1     00007770  _ScicRegs                       
0     00009b05  _ServiceDog                     
1     00007040  _SpiaRegs                       
1     00007010  _SysCtrlRegs                    
1     0000ce22  _T                              
0     000094eb  _TINT0_ISR                      
1     0000ce07  _TadjFlag                       
1     0000ce17  _Tclk                           
1     0000ce24  _Tdest                          
1     0000ce32  _TimerThreshold                 
1     0000ce34  _TimerThresholdConstant         
1     0000ce2c  _TinTimer                       
1     0000ce2e  _TinTimerDest                   
1     0000ce09  _TincrementStep                 
1     0000ce30  _TincrementStepConst            
1     0000ce08  _Tmul                           
1     0000ce2a  _TtoRPM                         
0     0000949b  _USER10_ISR                     
0     000094a5  _USER11_ISR                     
0     000094af  _USER12_ISR                     
0     00009441  _USER1_ISR                      
0     0000944b  _USER2_ISR                      
0     00009455  _USER3_ISR                      
0     0000945f  _USER4_ISR                      
0     00009469  _USER5_ISR                      
0     00009473  _USER6_ISR                      
0     0000947d  _USER7_ISR                      
0     00009487  _USER8_ISR                      
0     00009491  _USER9_ISR                      
0     000094f5  _WAKEINT_ISR                    
0     000094cd  _XINT1_ISR                      
0     000094d7  _XINT2_ISR                      
0     000096b7  _XINT3_ISR                      
0     000096c1  _XINT4_ISR                      
0     000096cb  _XINT5_ISR                      
0     000096d5  _XINT6_ISR                      
0     000096df  _XINT7_ISR                      
1     00007070  _XIntruptRegs                   
1     00000b20  _XintfRegs                      
1     00000700  __STACK_END                     
abs   00000300  __STACK_SIZE                    
1     0000cdf8  ___TI_cleanup_ptr               
1     0000cdfa  ___TI_dtors_ptr                 
1     0000cdf6  ___TI_enable_exit_profile_output
abs   ffffffff  ___TI_pprof_out_hndl            
abs   ffffffff  ___TI_prof_data_size            
abs   ffffffff  ___TI_prof_data_start           
abs   ffffffff  ___binit__                      
abs   ffffffff  ___c_args__                     
0     00008000  ___cinit__                      
abs   ffffffff  ___etext__                      
abs   ffffffff  ___pinit__                      
abs   ffffffff  ___text__                       
0     00009e49  __args_main                     
1     0000ce82  __lock                          
0     00009e63  __nop                           
0     00009e5f  __register_lock                 
0     00009e5b  __register_unlock               
1     00000400  __stack                         
0     00009e6e  __system_post_cinit             
0     00009e6c  __system_pre_init               
1     0000ce84  __unlock                        
1     0000ce4c  _aA                             
1     0000ce4e  _aB                             
0     00009d83  _abort                          
0     000098bc  _acquireFromEncoder             
1     0000ce3c  _adcA                           
1     0000ce3e  _adcB                           
1     0000ce46  _adcBiasA                       
1     0000ce48  _adcBiasB                       
1     0000ce14  _adcBufferIterator              
1     0000ce13  _adcBufferSize                  
1     0000ce00  _adjustPIa                      
1     0000ce02  _adjustPIall                    
1     0000ce01  _adjustPIb                      
1     0000ce0e  _arrayLength                    
1     0000ce10  _biasMeasurement                
1     0000ce12  _biasSample                     
1     0000ce11  _biasSampleNum                  
1     0000ce4a  _biasSampleNumConst             
1     0000ca00  _biasSamplesA                   
1     0000d140  _biasSamplesB                   
1     0000ce19  _bitVal                         
0     00009953  _button1                        
0     00009988  _button2                        
0     00009d2d  _c_int00                        
0     00009a75  _calculatePI                    
0     00009cd5  _ceil                           
0     00009cd5  _ceilf                          
0     00009a44  _changeP                        
0     00009a4c  _changePI                       
0     00009010  _cmpfunc                        
0     00009711  _coilsControl                   
0     00009294  _configureADC                   
0     000092d9  _configureEQEP                  
0     00009130  _configureGPIO                  
0     000090c3  _configurePI                    
0     000091cc  _configurePWM                   
0     00009253  _configureTimerInterrupts       
0     00009dd4  _copy_in                        
1     0000ce52  _currAngle                      
1     0000ce0b  _currPos                        
1     0000ce15  _currentBit                     
0     0000977a  _currentControl                 
1     0000cde8  _dataBits                       
0     00009019  _definePRD                      
0     00009041  _defineQuotient                 
1     0000ce18  _delayCycles                    
1     0000ce04  _direction                      
1     0000ce40  _eA                             
1     0000ce42  _eB                             
0     00009d85  _exit                           
1     0000ce0d  _flag_manualPWMmode             
0     00009c7c  _floor                          
0     00009c7c  _floorf                         
1     0000ce03  _i                              
1     0000ce38  _iA                             
1     0000ce3a  _iB                             
1     0000ce36  _iDest                          
1     0000ce1a  _iDestTest                      
0     000092f4  _initMCU                        
0     00009a00  _initPI                         
0     00009339  _main                           
1     0000cdfc  _manualPWM                      
0     00009e18  _memcpy                         
1     0000ce1e  _newI                           
1     0000ce1c  _newP                           
1     0000ce20  _newS                           
1     0000ce50  _positionConstant               
0     00009000  _qckPow2                        
1     0000ce54  _regA                           
1     0000ce6a  _regB                           
0     00009707  _rsvd_ISR                       
1     0000ce05  _runFlag                        
1     0000ce06  _runMem                         
0     00009065  _setAPWMout                     
0     00009094  _setBPWMout                     
1     0000ce0a  _timerDivision                  
1     0000ce16  _upDownSSIBit                   
abs   ffffffff  binit                           
0     00008000  cinit                           
0     00000000  code_start                      
abs   ffffffff  etext                           
abs   ffffffff  pinit                           


GLOBAL SYMBOLS: SORTED BY Symbol Address 

page  address   name                            
----  -------   ----                            
0     00000000  code_start                      
0     00008000  ___cinit__                      
0     00008000  cinit                           
0     000085ed  _DSP28x_usDelay                 
0     00009000  _qckPow2                        
0     00009010  _cmpfunc                        
0     00009019  _definePRD                      
0     00009041  _defineQuotient                 
0     00009065  _setAPWMout                     
0     00009094  _setBPWMout                     
0     000090c3  _configurePI                    
0     00009130  _configureGPIO                  
0     000091cc  _configurePWM                   
0     00009253  _configureTimerInterrupts       
0     00009294  _configureADC                   
0     000092d9  _configureEQEP                  
0     000092f4  _initMCU                        
0     00009339  _main                           
0     000093fb  _INT13_ISR                      
0     00009405  _INT14_ISR                      
0     0000940f  _DATALOG_ISR                    
0     00009419  _RTOSINT_ISR                    
0     00009423  _EMUINT_ISR                     
0     0000942d  _NMI_ISR                        
0     00009437  _ILLEGAL_ISR                    
0     00009441  _USER1_ISR                      
0     0000944b  _USER2_ISR                      
0     00009455  _USER3_ISR                      
0     0000945f  _USER4_ISR                      
0     00009469  _USER5_ISR                      
0     00009473  _USER6_ISR                      
0     0000947d  _USER7_ISR                      
0     00009487  _USER8_ISR                      
0     00009491  _USER9_ISR                      
0     0000949b  _USER10_ISR                     
0     000094a5  _USER11_ISR                     
0     000094af  _USER12_ISR                     
0     000094b9  _SEQ1INT_ISR                    
0     000094c3  _SEQ2INT_ISR                    
0     000094cd  _XINT1_ISR                      
0     000094d7  _XINT2_ISR                      
0     000094e1  _ADCINT_ISR                     
0     000094eb  _TINT0_ISR                      
0     000094f5  _WAKEINT_ISR                    
0     000094ff  _EPWM1_TZINT_ISR                
0     00009509  _EPWM2_TZINT_ISR                
0     00009513  _EPWM3_TZINT_ISR                
0     0000951d  _EPWM4_TZINT_ISR                
0     00009527  _EPWM5_TZINT_ISR                
0     00009531  _EPWM6_TZINT_ISR                
0     0000953b  _EPWM1_INT_ISR                  
0     00009545  _EPWM2_INT_ISR                  
0     0000954f  _EPWM3_INT_ISR                  
0     00009559  _EPWM4_INT_ISR                  
0     00009563  _EPWM5_INT_ISR                  
0     0000956d  _EPWM6_INT_ISR                  
0     00009577  _ECAP1_INT_ISR                  
0     00009581  _ECAP2_INT_ISR                  
0     0000958b  _ECAP3_INT_ISR                  
0     00009595  _ECAP4_INT_ISR                  
0     0000959f  _ECAP5_INT_ISR                  
0     000095a9  _ECAP6_INT_ISR                  
0     000095b3  _EQEP1_INT_ISR                  
0     000095bd  _EQEP2_INT_ISR                  
0     000095c7  _SPIRXINTA_ISR                  
0     000095d1  _SPITXINTA_ISR                  
0     000095db  _MRINTB_ISR                     
0     000095e5  _MXINTB_ISR                     
0     000095ef  _MRINTA_ISR                     
0     000095f9  _MXINTA_ISR                     
0     00009603  _DINTCH1_ISR                    
0     0000960d  _DINTCH2_ISR                    
0     00009617  _DINTCH3_ISR                    
0     00009621  _DINTCH4_ISR                    
0     0000962b  _DINTCH5_ISR                    
0     00009635  _DINTCH6_ISR                    
0     0000963f  _I2CINT1A_ISR                   
0     00009649  _I2CINT2A_ISR                   
0     00009653  _SCIRXINTC_ISR                  
0     0000965d  _SCITXINTC_ISR                  
0     00009667  _SCIRXINTA_ISR                  
0     00009671  _SCITXINTA_ISR                  
0     0000967b  _SCIRXINTB_ISR                  
0     00009685  _SCITXINTB_ISR                  
0     0000968f  _ECAN0INTA_ISR                  
0     00009699  _ECAN1INTA_ISR                  
0     000096a3  _ECAN0INTB_ISR                  
0     000096ad  _ECAN1INTB_ISR                  
0     000096b7  _XINT3_ISR                      
0     000096c1  _XINT4_ISR                      
0     000096cb  _XINT5_ISR                      
0     000096d5  _XINT6_ISR                      
0     000096df  _XINT7_ISR                      
0     000096e9  _LVF_ISR                        
0     000096f3  _LUF_ISR                        
0     000096fd  _PIE_RESERVED                   
0     00009707  _rsvd_ISR                       
0     00009711  _coilsControl                   
0     0000977a  _currentControl                 
0     000098bc  _acquireFromEncoder             
0     00009953  _button1                        
0     00009988  _button2                        
0     00009a00  _initPI                         
0     00009a44  _changeP                        
0     00009a4c  _changePI                       
0     00009a75  _calculatePI                    
0     00009afc  _InitSysCtrl                    
0     00009b05  _ServiceDog                     
0     00009b0f  _DisableDog                     
0     00009b17  _InitPll                        
0     00009b68  _InitPeripheralClocks           
0     00009bc3  _CsmUnlock                      
0     00009bf4  FS$$DIV                         
0     00009c7c  _floor                          
0     00009c7c  _floorf                         
0     00009cd5  _ceil                           
0     00009cd5  _ceilf                          
0     00009d2d  _c_int00                        
0     00009d83  C$$EXIT                         
0     00009d83  _abort                          
0     00009d85  _exit                           
0     00009dac  _InitPieCtrl                    
0     00009dcb  _EnableInterrupts               
0     00009dd4  _copy_in                        
0     00009df8  _InitPieVectTable               
0     00009e18  _memcpy                         
0     00009e35  _InitAdc                        
0     00009e49  __args_main                     
0     00009e5b  __register_unlock               
0     00009e5f  __register_lock                 
0     00009e63  __nop                           
0     00009e6c  __system_pre_init               
0     00009e6e  __system_post_cinit             
0     00380080  _ADC_cal                        
1     00000400  __stack                         
1     00000700  __STACK_END                     
1     00000880  _DevEmuRegs                     
1     00000a80  _FlashRegs                      
1     00000ae0  _CsmRegs                        
1     00000b00  _AdcMirror                      
1     00000b20  _XintfRegs                      
1     00000c00  _CpuTimer0Regs                  
1     00000c08  _CpuTimer1Regs                  
1     00000c10  _CpuTimer2Regs                  
1     00000ce0  _PieCtrlRegs                    
1     00000d00  _PieVectTable                   
1     00001000  _DmaRegs                        
1     00005000  _McbspaRegs                     
1     00005040  _McbspbRegs                     
1     00006000  _ECanaRegs                      
1     00006040  _ECanaLAMRegs                   
1     00006080  _ECanaMOTSRegs                  
1     000060c0  _ECanaMOTORegs                  
1     00006100  _ECanaMboxes                    
1     00006200  _ECanbRegs                      
1     00006240  _ECanbLAMRegs                   
1     00006280  _ECanbMOTSRegs                  
1     000062c0  _ECanbMOTORegs                  
1     00006300  _ECanbMboxes                    
1     00006800  _EPwm1Regs                      
1     00006840  _EPwm2Regs                      
1     00006880  _EPwm3Regs                      
1     000068c0  _EPwm4Regs                      
1     00006900  _EPwm5Regs                      
1     00006940  _EPwm6Regs                      
1     00006a00  _ECap1Regs                      
1     00006a20  _ECap2Regs                      
1     00006a40  _ECap3Regs                      
1     00006a60  _ECap4Regs                      
1     00006a80  _ECap5Regs                      
1     00006aa0  _ECap6Regs                      
1     00006b00  _EQep1Regs                      
1     00006b40  _EQep2Regs                      
1     00006f80  _GpioCtrlRegs                   
1     00006fc0  _GpioDataRegs                   
1     00006fe0  _GpioIntRegs                    
1     00007010  _SysCtrlRegs                    
1     00007040  _SpiaRegs                       
1     00007050  _SciaRegs                       
1     00007070  _XIntruptRegs                   
1     00007100  _AdcRegs                        
1     00007750  _ScibRegs                       
1     00007770  _ScicRegs                       
1     00007900  _I2caRegs                       
1     0000ca00  _biasSamplesA                   
1     0000cde8  _dataBits                       
1     0000cdf6  ___TI_enable_exit_profile_output
1     0000cdf8  ___TI_cleanup_ptr               
1     0000cdfa  ___TI_dtors_ptr                 
1     0000cdfc  _manualPWM                      
1     0000ce00  _adjustPIa                      
1     0000ce01  _adjustPIb                      
1     0000ce02  _adjustPIall                    
1     0000ce03  _i                              
1     0000ce04  _direction                      
1     0000ce05  _runFlag                        
1     0000ce06  _runMem                         
1     0000ce07  _TadjFlag                       
1     0000ce08  _Tmul                           
1     0000ce09  _TincrementStep                 
1     0000ce0a  _timerDivision                  
1     0000ce0b  _currPos                        
1     0000ce0c  _PWMthreshold                   
1     0000ce0d  _flag_manualPWMmode             
1     0000ce0e  _arrayLength                    
1     0000ce0f  _ADCthreshold                   
1     0000ce10  _biasMeasurement                
1     0000ce11  _biasSampleNum                  
1     0000ce12  _biasSample                     
1     0000ce13  _adcBufferSize                  
1     0000ce14  _adcBufferIterator              
1     0000ce15  _currentBit                     
1     0000ce16  _upDownSSIBit                   
1     0000ce17  _Tclk                           
1     0000ce18  _delayCycles                    
1     0000ce19  _bitVal                         
1     0000ce1a  _iDestTest                      
1     0000ce1c  _newP                           
1     0000ce1e  _newI                           
1     0000ce20  _newS                           
1     0000ce22  _T                              
1     0000ce24  _Tdest                          
1     0000ce26  _RPMdest                        
1     0000ce28  _RPMtoT                         
1     0000ce2a  _TtoRPM                         
1     0000ce2c  _TinTimer                       
1     0000ce2e  _TinTimerDest                   
1     0000ce30  _TincrementStepConst            
1     0000ce32  _TimerThreshold                 
1     0000ce34  _TimerThresholdConstant         
1     0000ce36  _iDest                          
1     0000ce38  _iA                             
1     0000ce3a  _iB                             
1     0000ce3c  _adcA                           
1     0000ce3e  _adcB                           
1     0000ce40  _eA                             
1     0000ce42  _eB                             
1     0000ce44  _ADCconst                       
1     0000ce46  _adcBiasA                       
1     0000ce48  _adcBiasB                       
1     0000ce4a  _biasSampleNumConst             
1     0000ce4c  _aA                             
1     0000ce4e  _aB                             
1     0000ce50  _positionConstant               
1     0000ce52  _currAngle                      
1     0000ce54  _regA                           
1     0000ce6a  _regB                           
1     0000ce82  __lock                          
1     0000ce84  __unlock                        
1     0000d000  _PieVectTableInit               
1     0000d140  _biasSamplesB                   
1     0033fff8  _CsmPwl                         
1     00380090  _PartIdRegs                     
abs   00000300  __STACK_SIZE                    
abs   ffffffff  .text                           
abs   ffffffff  ___TI_pprof_out_hndl            
abs   ffffffff  ___TI_prof_data_size            
abs   ffffffff  ___TI_prof_data_start           
abs   ffffffff  ___binit__                      
abs   ffffffff  ___c_args__                     
abs   ffffffff  ___etext__                      
abs   ffffffff  ___pinit__                      
abs   ffffffff  ___text__                       
abs   ffffffff  binit                           
abs   ffffffff  etext                           
abs   ffffffff  pinit                           

[266 symbols]
